// Jest Snapshot v1, https://goo.gl/fbAQLP

exports[`TextField (Snapshot) renders without exploding 1`] = `
<SelectField
  handleChange={[Function]}
  intl={
    Object {
      "defaultFormats": Object {},
      "defaultLocale": "en",
      "formatDate": [Function],
      "formatHTMLMessage": [Function],
      "formatMessage": [Function],
      "formatNumber": [Function],
      "formatPlural": [Function],
      "formatRelative": [Function],
      "formatTime": [Function],
      "formats": Object {},
      "formatters": Object {
        "getDateTimeFormat": [Function],
        "getMessageFormat": [Function],
        "getNumberFormat": [Function],
        "getPluralFormat": [Function],
        "getRelativeFormat": [Function],
      },
      "locale": "en",
      "messages": Object {},
      "now": [Function],
      "textComponent": "span",
    }
  }
  name="test"
  nameFormattedMessage={
    <FormattedMessage
      defaultMessage="testMessage"
      id="testMessage"
      values={Object {}}
    />
  }
  options={
    Array [
      Object {
        "name": "First Option",
        "value": "First Value",
      },
      Object {
        "name": "Second Option",
      },
    ]
  }
  value="defaultValue"
>
  <div
    className="field"
  >
    <label
      className="label"
      htmlFor="test"
    >
      <FormattedMessage
        defaultMessage="testMessage"
        id="testMessage"
        values={Object {}}
      >
        <span>
          testMessage
        </span>
      </FormattedMessage>
    </label>
    <p
      className="control"
    >
      <span
        className="select is-medium is-fullwidth"
      >
        <select
          id="test"
          name="test"
          onChange={[Function]}
          value="defaultValue"
        >
          <option />
          <option
            value="First Value"
          >
            First Option
          </option>
          <option
            value="Second Option"
          >
            Second Option
          </option>
        </select>
      </span>
    </p>
  </div>
</SelectField>
`;
