// Jest Snapshot v1, https://goo.gl/fbAQLP

exports[`CalculatorForm (Component) match the snaphost 1`] = `
<CalculatorForm
  changePage={[Function]}
  intl={
    Object {
      "defaultFormats": Object {},
      "defaultLocale": "en",
      "formatDate": [Function],
      "formatHTMLMessage": [Function],
      "formatMessage": [Function],
      "formatNumber": [Function],
      "formatPlural": [Function],
      "formatRelative": [Function],
      "formatTime": [Function],
      "formats": Object {},
      "formatters": Object {
        "getDateTimeFormat": [Function],
        "getMessageFormat": [Function],
        "getNumberFormat": [Function],
        "getPluralFormat": [Function],
        "getRelativeFormat": [Function],
      },
      "locale": "en",
      "messages": Object {},
      "now": [Function],
      "textComponent": "span",
    }
  }
>
  <div
    className="columns"
  >
    <div
      className="column is-8 is-offset-2"
    >
      <form
        onSubmit={[Function]}
      >
        <div
          className="columns"
        >
          <div
            className="column"
          >
            <SelectField
              handleChange={[Function]}
              name="From"
              nameFormattedMessage={
                <FormattedMessage
                  defaultMessage="From"
                  id="from"
                  values={Object {}}
                />
              }
              options={
                Array [
                  Object {
                    "name": "Czech Republic",
                  },
                  Object {
                    "name": "United Kingdom",
                  },
                ]
              }
              value=""
            >
              <div
                className="field"
              >
                <label
                  className="label"
                  htmlFor="From"
                >
                  <FormattedMessage
                    defaultMessage="From"
                    id="from"
                    values={Object {}}
                  >
                    <span>
                      From
                    </span>
                  </FormattedMessage>
                </label>
                <p
                  className="control"
                >
                  <span
                    className="select is-medium is-fullwidth"
                  >
                    <select
                      id="from"
                      name="from"
                      onChange={[Function]}
                      value=""
                    >
                      <option />
                      <option
                        value="Czech Republic"
                      >
                        Czech Republic
                      </option>
                      <option
                        value="United Kingdom"
                      >
                        United Kingdom
                      </option>
                    </select>
                  </span>
                </p>
              </div>
            </SelectField>
          </div>
          <div
            className="column"
          >
            <SelectField
              handleChange={[Function]}
              name="To"
              nameFormattedMessage={
                <FormattedMessage
                  defaultMessage="To"
                  id="to"
                  values={Object {}}
                />
              }
              options={
                Array [
                  Object {
                    "name": "Czech Republic",
                  },
                  Object {
                    "name": "United Kingdom",
                  },
                ]
              }
              value=""
            >
              <div
                className="field"
              >
                <label
                  className="label"
                  htmlFor="To"
                >
                  <FormattedMessage
                    defaultMessage="To"
                    id="to"
                    values={Object {}}
                  >
                    <span>
                      To
                    </span>
                  </FormattedMessage>
                </label>
                <p
                  className="control"
                >
                  <span
                    className="select is-medium is-fullwidth"
                  >
                    <select
                      id="to"
                      name="to"
                      onChange={[Function]}
                      value=""
                    >
                      <option />
                      <option
                        value="Czech Republic"
                      >
                        Czech Republic
                      </option>
                      <option
                        value="United Kingdom"
                      >
                        United Kingdom
                      </option>
                    </select>
                  </span>
                </p>
              </div>
            </SelectField>
          </div>
        </div>
        <div
          className="columns"
        >
          <div
            className="column"
          >
            <SelectField
              handleChange={[Function]}
              name="Type"
              nameFormattedMessage={
                <FormattedMessage
                  defaultMessage="Type"
                  id="type"
                  values={Object {}}
                />
              }
              options={
                Array [
                  Object {
                    "name": "Send",
                  },
                  Object {
                    "name": "Receive",
                  },
                ]
              }
              value="sent"
            >
              <div
                className="field"
              >
                <label
                  className="label"
                  htmlFor="Type"
                >
                  <FormattedMessage
                    defaultMessage="Type"
                    id="type"
                    values={Object {}}
                  >
                    <span>
                      Type
                    </span>
                  </FormattedMessage>
                </label>
                <p
                  className="control"
                >
                  <span
                    className="select is-medium is-fullwidth"
                  >
                    <select
                      id="type"
                      name="type"
                      onChange={[Function]}
                      value="sent"
                    >
                      <option />
                      <option
                        value="Send"
                      >
                        Send
                      </option>
                      <option
                        value="Receive"
                      >
                        Receive
                      </option>
                    </select>
                  </span>
                </p>
              </div>
            </SelectField>
          </div>
          <div
            className="column"
          >
            <TextField
              handleChange={[Function]}
              name="Amount"
              nameFormattedMessage={
                <FormattedMessage
                  defaultMessage="Amount"
                  id="amount"
                  values={Object {}}
                />
              }
              value="1000"
            >
              <div
                className="field"
              >
                <label
                  className="label"
                  htmlFor="amount"
                >
                  <FormattedMessage
                    defaultMessage="Amount"
                    id="amount"
                    values={Object {}}
                  >
                    <span>
                      Amount
                    </span>
                  </FormattedMessage>
                </label>
                <p
                  className="control"
                >
                  <input
                    className="input is-medium is-fullwidth"
                    id="amount"
                    name="amount"
                    onChange={[Function]}
                    type="text"
                    value="1000"
                  />
                </p>
              </div>
            </TextField>
          </div>
        </div>
        <div
          className="columns"
        >
          <div
            className="column is-2 is-offset-5 has-text-centered"
          >
            <div
              className="tile is-parent"
            >
              <p
                className="control"
              >
                <button
                  className="button is-primary is-large is-fullwidth"
                >
                  <FormattedMessage
                    defaultMessage="Submit"
                    id="submit"
                    values={Object {}}
                  >
                    <span>
                      Submit
                    </span>
                  </FormattedMessage>
                </button>
              </p>
            </div>
          </div>
        </div>
      </form>
    </div>
  </div>
</CalculatorForm>
`;
